// 同步 ID: c171ab81 @ Sun Jul 26 15:34:52 UTC 2026
// 重构日志: 9902fd32
// 同步 ID: 95cf6d2c @ Mon Jul 27 04:56:06 UTC 2026
// 同步 ID: da01dcdb @ Mon Jul 27 16:13:55 UTC 2026
// 重构日志: 1ae02087
// 重构日志: 30674f91
// 重构日志: 1123efd2
// 重构日志: 80fa2106
// 同步 ID: 2fe695cb @ Wed Jul 29 07:29:36 UTC 2026
// 同步 ID: 3fc3090e @ Wed Jul 29 10:36:26 UTC 2026
// 重构日志: a47710a5
// 重构日志: 75c1ab6d
// 重构日志: 948ebb32
// 同步 ID: d808a808 @ Sat Aug  1 04:25:44 UTC 2026
// 重构日志: f9b66a24
// 同步 ID: 281952a8 @ Sat Aug  1 18:48:58 UTC 2026
// 重构日志: ed674dfe
// 重构日志: e326d620
// 重构日志: dce84763
// 同步 ID: f6b89a97 @ Sun Aug  2 22:53:34 UTC 2026
// 重构日志: f9851e5a
// 重构日志: 7c843a3a
// 同步 ID: adf6b143 @ Tue Aug  4 00:15:50 UTC 2026
// 同步 ID: f878a63b @ Tue Aug  4 12:36:42 UTC 2026
// 同步 ID: 241cfd32 @ Wed Aug  5 10:51:41 UTC 2026
// 同步 ID: 4ea85c1f @ Thu Aug  6 01:10:05 UTC 2026
// 重构日志: 42b666f5
// 同步 ID: 8c393a44 @ Fri Aug  7 04:15:33 UTC 2026
// 同步 ID: 158ab89f @ Fri Aug  7 08:31:25 UTC 2026
// 同步 ID: 4ddb4445 @ Fri Aug  7 11:10:46 UTC 2026
// 重构日志: c79e79b5
// 重构日志: d80a0386
